[dreamingtheme.kiendaotac.com/html/moorabi/index.html]
[backblue.gif]
[fade.gif]
[index.html]
[dreamingtheme.kiendaotac.com/html/moorabi/assets/images/favicon.png]
[dreamingtheme.kiendaotac.com/html/moorabi/assets/css/bootstrap.min.css]
[dreamingtheme.kiendaotac.com/html/moorabi/assets/css/font-awesome.min.css]
[dreamingtheme.kiendaotac.com/html/moorabi/assets/css/owl.carousel.min.css]
[dreamingtheme.kiendaotac.com/html/moorabi/assets/css/animate.min.css]
[dreamingtheme.kiendaotac.com/html/moorabi/assets/css/jquery-ui.css]
[dreamingtheme.kiendaotac.com/html/moorabi/assets/css/slick.css]
[dreamingtheme.kiendaotac.com/html/moorabi/assets/css/chosen.min.css]
[dreamingtheme.kiendaotac.com/html/moorabi/assets/css/pe-icon-7-stroke.css]
[dreamingtheme.kiendaotac.com/html/moorabi/assets/css/magnific-popup.min.css]
[dreamingtheme.kiendaotac.com/html/moorabi/assets/css/lightbox.min.css]
[dreamingtheme.kiendaotac.com/html/moorabi/assets/js/fancybox/source/jquery.fancybox.css]
[dreamingtheme.kiendaotac.com/html/moorabi/assets/css/jquery.scrollbar.min.css]
[dreamingtheme.kiendaotac.com/html/moorabi/assets/css/mobile-menu.css]
[dreamingtheme.kiendaotac.com/html/moorabi/assets/fonts/flaticon/flaticon.css]
[dreamingtheme.kiendaotac.com/html/moorabi/assets/css/style.css]
[dreamingtheme.kiendaotac.com/html/moorabi/login.html]
[dreamingtheme.kiendaotac.com/html/moorabi/assets/images/logo.png]
[dreamingtheme.kiendaotac.com/html/moorabi/assets/images/item-minicart-1.jpg]
[dreamingtheme.kiendaotac.com/html/moorabi/assets/images/item-minicart-2.jpg]
[dreamingtheme.kiendaotac.com/html/moorabi/assets/images/item-minicart-3.jpg]
[dreamingtheme.kiendaotac.com/html/moorabi/shoppingcart.html]
[dreamingtheme.kiendaotac.com/html/moorabi/checkout.html]
[dreamingtheme.kiendaotac.com/html/moorabi/home2.html]
[dreamingtheme.kiendaotac.com/html/moorabi/home3.html]
[dreamingtheme.kiendaotac.com/html/moorabi/gridproducts.html]
[dreamingtheme.kiendaotac.com/html/moorabi/gridproducts_leftsidebar.html]
[dreamingtheme.kiendaotac.com/html/moorabi/gridproducts_bannerslider.html]
[dreamingtheme.kiendaotac.com/html/moorabi/listproducts.html]
[dreamingtheme.kiendaotac.com/html/moorabi/contact.html]
[dreamingtheme.kiendaotac.com/html/moorabi/404page.html]
[dreamingtheme.kiendaotac.com/html/moorabi/productdetails-fullwidth.html]
[dreamingtheme.kiendaotac.com/html/moorabi/productdetails-leftsidebar.html]
[dreamingtheme.kiendaotac.com/html/moorabi/productdetails-rightsidebar.html]
[dreamingtheme.kiendaotac.com/html/moorabi/inblog_right-siderbar.html]
[dreamingtheme.kiendaotac.com/html/moorabi/bloggrid.html]
[dreamingtheme.kiendaotac.com/html/moorabi/bloglist.html]
[dreamingtheme.kiendaotac.com/html/moorabi/bloglist-leftsidebar.html]
[dreamingtheme.kiendaotac.com/html/moorabi/inblog_left-siderbar.html]
[dreamingtheme.kiendaotac.com/html/moorabi/about.html]
[dreamingtheme.kiendaotac.com/html/moorabi/assets/images/product-item-17.jpg]
[dreamingtheme.kiendaotac.com/html/moorabi/assets/images/product-item-21.jpg]
[dreamingtheme.kiendaotac.com/html/moorabi/assets/images/product-item-20.jpg]
[dreamingtheme.kiendaotac.com/html/moorabi/assets/images/product-item-22.jpg]
[dreamingtheme.kiendaotac.com/html/moorabi/assets/images/product-item-19.jpg]
[dreamingtheme.kiendaotac.com/html/moorabi/assets/images/product-item-18.jpg]
[dreamingtheme.kiendaotac.com/html/moorabi/assets/images/product-item-1.jpg]
[dreamingtheme.kiendaotac.com/html/moorabi/assets/images/product-item-2.jpg]
[dreamingtheme.kiendaotac.com/html/moorabi/assets/images/product-item-3.jpg]
[dreamingtheme.kiendaotac.com/html/moorabi/assets/images/product-item-4.jpg]
[dreamingtheme.kiendaotac.com/html/moorabi/assets/images/product-item-5.jpg]
[dreamingtheme.kiendaotac.com/html/moorabi/assets/images/product-item-6.jpg]
[dreamingtheme.kiendaotac.com/html/moorabi/assets/images/product-item-7.jpg]
[dreamingtheme.kiendaotac.com/html/moorabi/assets/images/product-item-8.jpg]
[dreamingtheme.kiendaotac.com/html/moorabi/assets/images/product-item-9.jpg]
[dreamingtheme.kiendaotac.com/html/moorabi/assets/images/product-item-10.jpg]
[dreamingtheme.kiendaotac.com/html/moorabi/assets/images/product-item-11.jpg]
[dreamingtheme.kiendaotac.com/html/moorabi/assets/images/product-item-13.jpg]
[dreamingtheme.kiendaotac.com/html/moorabi/assets/images/product-item-14.jpg]
[dreamingtheme.kiendaotac.com/html/moorabi/assets/images/product-item-15.jpg]
[dreamingtheme.kiendaotac.com/html/moorabi/assets/images/product-item-16.jpg]
[dreamingtheme.kiendaotac.com/html/moorabi/assets/images/product-item-12.jpg]
[dreamingtheme.kiendaotac.com/html/moorabi/assets/images/slider-blog-thumb-1.jpg]
[dreamingtheme.kiendaotac.com/html/moorabi/assets/images/slider-blog-thumb-2.jpg]
[dreamingtheme.kiendaotac.com/html/moorabi/assets/images/slider-blog-thumb-3.jpg]
[dreamingtheme.kiendaotac.com/html/moorabi/assets/images/slider-blog-thumb-4.jpg]
[dreamingtheme.kiendaotac.com/html/moorabi/assets/images/item-instagram-1.jpg]
[dreamingtheme.kiendaotac.com/html/moorabi/assets/images/item-instagram-2.jpg]
[dreamingtheme.kiendaotac.com/html/moorabi/assets/images/item-instagram-3.jpg]
[dreamingtheme.kiendaotac.com/html/moorabi/assets/images/item-instagram-4.jpg]
[dreamingtheme.kiendaotac.com/html/moorabi/assets/images/item-instagram-5.jpg]
[dreamingtheme.kiendaotac.com/html/moorabi/assets/images/payments.png]
[dreamingtheme.kiendaotac.com/html/moorabi/assets/js/jquery-1.12.4.min.js]
[dreamingtheme.kiendaotac.com/html/moorabi/assets/js/jquery.plugin-countdown.min.js]
[dreamingtheme.kiendaotac.com/html/moorabi/assets/js/jquery-countdown.min.js]
[dreamingtheme.kiendaotac.com/html/moorabi/assets/js/bootstrap.min.js]
[dreamingtheme.kiendaotac.com/html/moorabi/assets/js/owl.carousel.min.js]
[dreamingtheme.kiendaotac.com/html/moorabi/assets/js/magnific-popup.min.js]
[dreamingtheme.kiendaotac.com/html/moorabi/assets/js/isotope.min.js]
[dreamingtheme.kiendaotac.com/html/moorabi/assets/js/jquery.scrollbar.min.js]
[dreamingtheme.kiendaotac.com/html/moorabi/assets/js/jquery-ui.min.js]
[dreamingtheme.kiendaotac.com/html/moorabi/assets/js/mobile-menu.js]
[dreamingtheme.kiendaotac.com/html/moorabi/assets/js/chosen.min.js]
[dreamingtheme.kiendaotac.com/html/moorabi/assets/js/slick.js]
[dreamingtheme.kiendaotac.com/html/moorabi/assets/js/jquery.elevateZoom.min.js]
[dreamingtheme.kiendaotac.com/html/moorabi/assets/js/jquery.actual.min.js]
[dreamingtheme.kiendaotac.com/html/moorabi/assets/js/fancybox/source/jquery.fancybox.js]
[dreamingtheme.kiendaotac.com/html/moorabi/assets/js/lightbox.min.js]
[dreamingtheme.kiendaotac.com/html/moorabi/assets/js/owl.thumbs.min.js]
[dreamingtheme.kiendaotac.com/html/moorabi/index.html]
[dreamingtheme.kiendaotac.com/html/moorabi/assets/js/frontend-plugin.js]
[dreamingtheme.kiendaotac.com/html/moorabi/assets/fonts/glyphicons-halflings-regular.eot]
[dreamingtheme.kiendaotac.com/html/moorabi/assets/fonts/glyphicons-halflings-regulard41d.eot]
[dreamingtheme.kiendaotac.com/html/moorabi/assets/fonts/glyphicons-halflings-regular.woff2]
[dreamingtheme.kiendaotac.com/html/moorabi/assets/fonts/glyphicons-halflings-regular.woff]
[dreamingtheme.kiendaotac.com/html/moorabi/assets/fonts/glyphicons-halflings-regular.ttf]
[dreamingtheme.kiendaotac.com/html/moorabi/assets/css/bootstrap.min.css]
[dreamingtheme.kiendaotac.com/html/moorabi/assets/fonts/glyphicons-halflings-regular.svg]
[dreamingtheme.kiendaotac.com/html/moorabi/assets/fonts/fontawesome-webfont3e6e.eot]
[dreamingtheme.kiendaotac.com/html/moorabi/assets/fonts/fontawesome-webfontd41d.eot]
[dreamingtheme.kiendaotac.com/html/moorabi/assets/fonts/fontawesome-webfont3e6e.woff2]
[dreamingtheme.kiendaotac.com/html/moorabi/assets/fonts/fontawesome-webfont3e6e.woff]
[dreamingtheme.kiendaotac.com/html/moorabi/assets/fonts/fontawesome-webfont3e6e.ttf]
[dreamingtheme.kiendaotac.com/html/moorabi/assets/css/font-awesome.min.css]
[dreamingtheme.kiendaotac.com/html/moorabi/assets/fonts/fontawesome-webfont3e6e.svg]
[dreamingtheme.kiendaotac.com/html/moorabi/assets/css/owl.video.play.67.delayed]
[dreamingtheme.kiendaotac.com/html/moorabi/assets/css/owl.carousel.min.css]
[dreamingtheme.kiendaotac.com/html/moorabi/assets/css/animate.min.css]
[dreamingtheme.kiendaotac.com/html/moorabi/assets/css/images/ui-icons_444444_256x240.png]
[dreamingtheme.kiendaotac.com/html/moorabi/assets/css/images/ui-icons_555555_256x240.png]
[dreamingtheme.kiendaotac.com/html/moorabi/assets/css/images/ui-icons_ffffff_256x240.png]
[dreamingtheme.kiendaotac.com/html/moorabi/assets/css/images/ui-icons_777620_256x240.png]
[dreamingtheme.kiendaotac.com/html/moorabi/assets/css/images/ui-icons_cc0000_256x240.png]
[dreamingtheme.kiendaotac.com/html/moorabi/assets/css/images/ui-icons_777777_256x240.png]
[dreamingtheme.kiendaotac.com/html/moorabi/assets/css/jquery-ui.css]
[dreamingtheme.kiendaotac.com/html/moorabi/assets/css/slick.css]
[dreamingtheme.kiendaotac.com/html/moorabi/assets/css/chosen.min.css]
[dreamingtheme.kiendaotac.com/html/moorabi/assets/fonts/Pe-icon-7-strokebb1d.eot]
[dreamingtheme.kiendaotac.com/html/moorabi/assets/fonts/Pe-icon-7-stroked41d.eot]
[dreamingtheme.kiendaotac.com/html/moorabi/assets/fonts/Pe-icon-7-strokebb1d.woff]
[dreamingtheme.kiendaotac.com/html/moorabi/assets/fonts/Pe-icon-7-strokebb1d.ttf]
[dreamingtheme.kiendaotac.com/html/moorabi/assets/css/pe-icon-7-stroke.css]
[dreamingtheme.kiendaotac.com/html/moorabi/assets/css/magnific-popup.min.css]
[dreamingtheme.kiendaotac.com/html/moorabi/assets/fonts/Pe-icon-7-strokebb1d.svg]
[dreamingtheme.kiendaotac.com/html/moorabi/assets/img/close-icon.png]
[dreamingtheme.kiendaotac.com/html/moorabi/assets/css/lightbox.min.css]
[dreamingtheme.kiendaotac.com/html/moorabi/assets/js/fancybox/source/fancybox_sprite.png]
[dreamingtheme.kiendaotac.com/html/moorabi/assets/js/fancybox/source/fancybox_loading.gif]
[dreamingtheme.kiendaotac.com/html/moorabi/assets/js/fancybox/source/blank.gif]
[dreamingtheme.kiendaotac.com/html/moorabi/assets/js/fancybox/source/fancybox_overlay.png]
[dreamingtheme.kiendaotac.com/html/moorabi/assets/js/fancybox/source/fancybox_sprite@2x.png]
[dreamingtheme.kiendaotac.com/html/moorabi/assets/js/fancybox/source/fancybox_loading@2x.gif]
[dreamingtheme.kiendaotac.com/html/moorabi/assets/js/fancybox/source/jquery.fancybox.css]
[dreamingtheme.kiendaotac.com/html/moorabi/assets/css/mCSB_buttons.png]
[dreamingtheme.kiendaotac.com/html/moorabi/assets/css/jquery.scrollbar.min.css]
[dreamingtheme.kiendaotac.com/html/moorabi/assets/css/mobile-menu.css]
[dreamingtheme.kiendaotac.com/html/moorabi/assets/fonts/flaticon/Flaticon.eot]
[dreamingtheme.kiendaotac.com/html/moorabi/assets/fonts/flaticon/Flaticond41d.eot]
[dreamingtheme.kiendaotac.com/html/moorabi/assets/fonts/flaticon/Flaticon.woff2]
[dreamingtheme.kiendaotac.com/html/moorabi/assets/fonts/flaticon/Flaticon.woff]
[dreamingtheme.kiendaotac.com/html/moorabi/assets/fonts/flaticon/Flaticon.ttf]
[dreamingtheme.kiendaotac.com/html/moorabi/assets/fonts/flaticon/flaticon.css]
[dreamingtheme.kiendaotac.com/html/moorabi/assets/fonts/flaticon/Flaticon.svg]
[dreamingtheme.kiendaotac.com/html/moorabi/assets/images/quote-item.png]
[dreamingtheme.kiendaotac.com/html/moorabi/assets/images/mega-bg.jpg]
[dreamingtheme.kiendaotac.com/html/moorabi/assets/images/about-background.jpg]
[dreamingtheme.kiendaotac.com/html/moorabi/assets/images/icon-checkout.png]
[dreamingtheme.kiendaotac.com/html/moorabi/assets/images/slider-thumb1.jpg]
[dreamingtheme.kiendaotac.com/html/moorabi/assets/images/slider-thumb2.jpg]
[dreamingtheme.kiendaotac.com/html/moorabi/assets/images/slider-thumb3.jpg]
[dreamingtheme.kiendaotac.com/html/moorabi/assets/images/newsletter-bg.jpg]
[dreamingtheme.kiendaotac.com/html/moorabi/assets/images/play.png]
[dreamingtheme.kiendaotac.com/html/moorabi/assets/images/close-icon.png]
[dreamingtheme.kiendaotac.com/html/moorabi/assets/images/slider-thumb-full-1.jpg]
[dreamingtheme.kiendaotac.com/html/moorabi/assets/images/slider-thumb-full-2.jpg]
[dreamingtheme.kiendaotac.com/html/moorabi/assets/images/slider-thumb-full-3.jpg]
[dreamingtheme.kiendaotac.com/html/moorabi/assets/images/slider-thumb4.jpg]
[dreamingtheme.kiendaotac.com/html/moorabi/assets/images/slider-thumb5.jpg]
[dreamingtheme.kiendaotac.com/html/moorabi/assets/images/slider-thumb6.jpg]
[dreamingtheme.kiendaotac.com/html/moorabi/assets/images/test-bg.jpg]
[dreamingtheme.kiendaotac.com/html/moorabi/assets/images/hover-menu.png]
[dreamingtheme.kiendaotac.com/html/moorabi/assets/images/banner-01_full_width.jpg]
[dreamingtheme.kiendaotac.com/html/moorabi/assets/images/banner-02_full_width.jpg]
[dreamingtheme.kiendaotac.com/html/moorabi/assets/images/banner-home-2.jpg]
[dreamingtheme.kiendaotac.com/html/moorabi/assets/images/banner-home-3.jpg]
[dreamingtheme.kiendaotac.com/html/moorabi/assets/images/banner-home-4.jpg]
[dreamingtheme.kiendaotac.com/html/moorabi/assets/images/banner-home-5.jpg]
[dreamingtheme.kiendaotac.com/html/moorabi/assets/images/banner-home-6.jpg]
[dreamingtheme.kiendaotac.com/html/moorabi/assets/images/banner-home-7.jpg]
[dreamingtheme.kiendaotac.com/html/moorabi/assets/images/banner-home-71.jpg]
[dreamingtheme.kiendaotac.com/html/moorabi/assets/images/banner-home-19.jpg]
[dreamingtheme.kiendaotac.com/html/moorabi/assets/images/banner-home-10.jpg]
[dreamingtheme.kiendaotac.com/html/moorabi/assets/images/banner-home-11.jpg]
[dreamingtheme.kiendaotac.com/html/moorabi/assets/images/banner-home-12.jpg]
[dreamingtheme.kiendaotac.com/html/moorabi/assets/images/banner-home-13.jpg]
[dreamingtheme.kiendaotac.com/html/moorabi/assets/images/banner-home-14.jpg]
[dreamingtheme.kiendaotac.com/html/moorabi/assets/images/banner-home-15.jpg]
[dreamingtheme.kiendaotac.com/html/moorabi/assets/images/banner-home-8.jpg]
[dreamingtheme.kiendaotac.com/html/moorabi/assets/images/banner-home-9.jpg]
[dreamingtheme.kiendaotac.com/html/moorabi/assets/css/style.css]
[dreamingtheme.kiendaotac.com/html/moorabi/login.html]
[dreamingtheme.kiendaotac.com/html/moorabi/assets/images/cart-item-2.jpg]
[dreamingtheme.kiendaotac.com/html/moorabi/assets/images/cart-item-3.jpg]
[dreamingtheme.kiendaotac.com/html/moorabi/assets/images/cart-item-1.jpg]
[dreamingtheme.kiendaotac.com/html/moorabi/shoppingcart.html]
[dreamingtheme.kiendaotac.com/html/moorabi/assets/images/item-order1.jpg]
[dreamingtheme.kiendaotac.com/html/moorabi/assets/images/item-order2.jpg]
[dreamingtheme.kiendaotac.com/html/moorabi/checkout.html]
[dreamingtheme.kiendaotac.com/html/moorabi/assets/images/testimonial-1.jpg]
[dreamingtheme.kiendaotac.com/html/moorabi/assets/images/testimonial-2.jpg]
[dreamingtheme.kiendaotac.com/html/moorabi/assets/images/product-item-black-1.jpg]
[dreamingtheme.kiendaotac.com/html/moorabi/assets/images/product-item-black-2.jpg]
[dreamingtheme.kiendaotac.com/html/moorabi/assets/images/product-item-black-3.jpg]
[dreamingtheme.kiendaotac.com/html/moorabi/assets/images/product-item-black-4.jpg]
[dreamingtheme.kiendaotac.com/html/moorabi/assets/images/product-item-black-5.jpg]
[dreamingtheme.kiendaotac.com/html/moorabi/assets/images/product-item-black-6.jpg]
[dreamingtheme.kiendaotac.com/html/moorabi/assets/images/slider-blog-thumb-5.jpg]
[dreamingtheme.kiendaotac.com/html/moorabi/assets/images/avt-blog1.png]
[dreamingtheme.kiendaotac.com/html/moorabi/assets/images/slider-blog-thumb-6.jpg]
[dreamingtheme.kiendaotac.com/html/moorabi/assets/images/slider-blog-thumb-7.jpg]
[dreamingtheme.kiendaotac.com/html/moorabi/home2.html]
[dreamingtheme.kiendaotac.com/html/moorabi/assets/images/product-item-black-10.jpg]
[dreamingtheme.kiendaotac.com/html/moorabi/home3.html]
[dreamingtheme.kiendaotac.com/html/moorabi/gridproducts.html]
[dreamingtheme.kiendaotac.com/html/moorabi/gridproducts_leftsidebar.html]
[dreamingtheme.kiendaotac.com/html/moorabi/gridproducts_bannerslider.html]
[dreamingtheme.kiendaotac.com/html/moorabi/listproducts.html]
[dreamingtheme.kiendaotac.com/html/moorabi/contact.html]
[dreamingtheme.kiendaotac.com/html/moorabi/assets/images/404.png]
[dreamingtheme.kiendaotac.com/html/moorabi/404page.html]
[dreamingtheme.kiendaotac.com/html/moorabi/assets/images/details-item-1.jpg]
[dreamingtheme.kiendaotac.com/html/moorabi/assets/images/details-item-2.jpg]
[dreamingtheme.kiendaotac.com/html/moorabi/assets/images/details-item-3.jpg]
[dreamingtheme.kiendaotac.com/html/moorabi/assets/images/details-item-4.jpg]
[dreamingtheme.kiendaotac.com/html/moorabi/assets/images/size-chart.jpg]
[dreamingtheme.kiendaotac.com/html/moorabi/assets/images/avartar.jpg]
[dreamingtheme.kiendaotac.com/html/moorabi/productdetails-fullwidth.html]
[dreamingtheme.kiendaotac.com/html/moorabi/assets/images/widget-banner.jpg]
[dreamingtheme.kiendaotac.com/html/moorabi/assets/images/member1.png]
[dreamingtheme.kiendaotac.com/html/moorabi/assets/images/member2.png]
[dreamingtheme.kiendaotac.com/html/moorabi/productdetails-leftsidebar.html]
[dreamingtheme.kiendaotac.com/html/moorabi/productdetails-rightsidebar.html]
[dreamingtheme.kiendaotac.com/html/moorabi/assets/images/blog1.jpg]
[dreamingtheme.kiendaotac.com/html/moorabi/assets/images/blog2.jpg]
[dreamingtheme.kiendaotac.com/html/moorabi/assets/images/blog3.jpg]
[dreamingtheme.kiendaotac.com/html/moorabi/assets/images/sidebar-post1.jpg]
[dreamingtheme.kiendaotac.com/html/moorabi/assets/images/sidebar-post2.jpg]
[dreamingtheme.kiendaotac.com/html/moorabi/assets/images/sidebar-post3.jpg]
[dreamingtheme.kiendaotac.com/html/moorabi/inblog_right-siderbar.html]
[dreamingtheme.kiendaotac.com/html/moorabi/assets/images/blog-grid-1.jpg]
[dreamingtheme.kiendaotac.com/html/moorabi/assets/images/blog-grid-2.jpg]
[dreamingtheme.kiendaotac.com/html/moorabi/assets/images/blog-grid-3.jpg]
[dreamingtheme.kiendaotac.com/html/moorabi/assets/images/blog-grid-4.jpg]
[dreamingtheme.kiendaotac.com/html/moorabi/bloggrid.html]
[dreamingtheme.kiendaotac.com/html/moorabi/assets/images/blog-item-list-1.jpg]
[dreamingtheme.kiendaotac.com/html/moorabi/assets/images/blog-item-list-2.jpg]
[dreamingtheme.kiendaotac.com/html/moorabi/assets/images/blog-item-list-3.jpg]
[dreamingtheme.kiendaotac.com/html/moorabi/assets/images/blog-item-list-4.jpg]
[dreamingtheme.kiendaotac.com/html/moorabi/assets/images/blog-item-list-5.jpg]
[dreamingtheme.kiendaotac.com/html/moorabi/bloglist.html]
[dreamingtheme.kiendaotac.com/html/moorabi/bloglist-leftsidebar.html]
[dreamingtheme.kiendaotac.com/html/moorabi/inblog_left-siderbar.html]
[dreamingtheme.kiendaotac.com/html/moorabi/assets/images/member3.png]
[dreamingtheme.kiendaotac.com/html/moorabi/about.html]
[dreamingtheme.kiendaotac.com/html/moorabi/assets/fonts/glyphicons-halflings-regular.svg]
[dreamingtheme.kiendaotac.com/html/moorabi/assets/fonts/fontawesome-webfont3e6e.svg]
[dreamingtheme.kiendaotac.com/html/moorabi/assets/css/owl.video.play.html]
[dreamingtheme.kiendaotac.com/html/moorabi/assets/css/images/ui-icons_444444_256x240.html]
[dreamingtheme.kiendaotac.com/html/moorabi/assets/css/images/ui-icons_555555_256x240.html]
[dreamingtheme.kiendaotac.com/html/moorabi/assets/css/images/ui-icons_ffffff_256x240.html]
[dreamingtheme.kiendaotac.com/html/moorabi/assets/css/images/ui-icons_777620_256x240.html]
[dreamingtheme.kiendaotac.com/html/moorabi/assets/css/images/ui-icons_cc0000_256x240.html]
[dreamingtheme.kiendaotac.com/html/moorabi/assets/css/images/ui-icons_777777_256x240.html]
[dreamingtheme.kiendaotac.com/html/moorabi/assets/fonts/Pe-icon-7-strokebb1d.svg]
[dreamingtheme.kiendaotac.com/html/moorabi/assets/img/close-icon.html]
[dreamingtheme.kiendaotac.com/html/moorabi/assets/css/mCSB_buttons.html]
[dreamingtheme.kiendaotac.com/html/moorabi/assets/fonts/flaticon/Flaticon.svg]
